exports[`test should produce a page not found div 1`] = `
<div>
  <h2
    className="ui center aligned header"
    style={
      Object {
        "color": "red",
        "fontWeight": "bold"
      }
    }>
    Page Not Found
  </h2>
</div>
`;
